[dotenv@17.3.1] injecting env (7) from .env -- tip: ≡ƒöÉ prevent building .env in docker: https://dotenvx.com/prebuild
--- STARTING CONCURRENCY SCENARIO 1 TEST ---
> Set item #5 availability_quantity to 1 unit
> Logging in as customer (8888888888)...
> Firing two identical order requests at the EXACT SAME TIME

--- RESULTS ---
Request 1: Γ£à SUCCESS (Order ID: 5)
Request 2: Γ¥î FAILED (Status: 400) - "_TestItem" only has 0 unit(s) left (you requested 1). Please update your cart.

Final tally: 1 order(s) placed, 1 order(s) blocked.
Γ£à TRANSACTION LOGIC WORKS! The database prevented the second order from succeeding.
node : Assertion failed: !(handle->flags & UV_HANDLE_CLOSING), file 
src\win\async.c, line 76
At line:1 char:1
+ node test_concurrent.js > test_output.txt 2>&1 ; node -e "const fs =  ...
+ ~~~~~~~~~~~~~~~~~~~~~~~~~~~~~~~~~~~~~~~~~~~~~~
    + CategoryInfo          : NotSpecified: (Assertion faile...sync.c, line 7 
   6:String) [], RemoteException
    + FullyQualifiedErrorId : NativeCommandError
 
